[INFO] Error stacktraces are turned on.
[INFO] Scanning for projects...
[INFO]                                                                         
[INFO] ------------------------------------------------------------------------
[INFO] Building stock-review 1.0.0
[INFO] ------------------------------------------------------------------------
[INFO] 
[INFO] --- maven-resources-plugin:3.2.0:resources (default-resources) @ stock-review ---
[INFO] Using 'UTF-8' encoding to copy filtered resources.
[INFO] Using 'UTF-8' encoding to copy filtered properties files.
[INFO] Copying 1 resource
[INFO] Copying 1 resource
[INFO] 
[INFO] --- maven-compiler-plugin:3.10.1:compile (default-compile) @ stock-review ---
[INFO] Changes detected - recompiling the module!
[INFO] Compiling 49 source files to E:\traeProjects\stockBack0212\backend\target\classes
[INFO] -------------------------------------------------------------
[ERROR] COMPILATION ERROR : 
[INFO] -------------------------------------------------------------
[ERROR] /E:/traeProjects/stockBack0212/backend/src/main/java/com/stock/review/service/ActiveMarketValueService.java:[20,30] 找不到符号
  符号:   类 BigDecimal
  位置: 接口 com.stock.review.service.ActiveMarketValueService
[ERROR] /E:/traeProjects/stockBack0212/backend/src/main/java/com/stock/review/service/ActiveMarketValueService.java:[20,56] 找不到符号
  符号:   类 BigDecimal
  位置: 接口 com.stock.review.service.ActiveMarketValueService
[ERROR] /E:/traeProjects/stockBack0212/backend/src/main/java/com/stock/review/service/impl/PositionServiceImpl.java:[122,12] 找不到符号
  符号:   类 PositionSummaryDTO
  位置: 类 com.stock.review.service.impl.PositionServiceImpl
[INFO] 3 errors 
[INFO] -------------------------------------------------------------
[INFO] ------------------------------------------------------------------------
[INFO] BUILD FAILURE
[INFO] ------------------------------------------------------------------------
[INFO] Total time: 8.542 s
[INFO] Finished at: 2026-02-12T18:13:53+08:00
[INFO] Final Memory: 28M/301M
[INFO] ------------------------------------------------------------------------
[ERROR] Failed to execute goal org.apache.maven.plugins:maven-compiler-plugin:3.10.1:compile (default-compile) on project stock-review: Compilation failure: Compilation failure:
[ERROR] /E:/traeProjects/stockBack0212/backend/src/main/java/com/stock/review/service/ActiveMarketValueService.java:[20,30] 找不到符号
[ERROR] 符号:   类 BigDecimal
[ERROR] 位置: 接口 com.stock.review.service.ActiveMarketValueService
[ERROR] /E:/traeProjects/stockBack0212/backend/src/main/java/com/stock/review/service/ActiveMarketValueService.java:[20,56] 找不到符号
[ERROR] 符号:   类 BigDecimal
[ERROR] 位置: 接口 com.stock.review.service.ActiveMarketValueService
[ERROR] /E:/traeProjects/stockBack0212/backend/src/main/java/com/stock/review/service/impl/PositionServiceImpl.java:[122,12] 找不到符号
[ERROR] 符号:   类 PositionSummaryDTO
[ERROR] 位置: 类 com.stock.review.service.impl.PositionServiceImpl
[ERROR] -> [Help 1]
org.apache.maven.lifecycle.LifecycleExecutionException: Failed to execute goal org.apache.maven.plugins:maven-compiler-plugin:3.10.1:compile (default-compile) on project stock-review: Compilation failure
	at org.apache.maven.lifecycle.internal.MojoExecutor.execute(MojoExecutor.java:212)
	at org.apache.maven.lifecycle.internal.MojoExecutor.execute(MojoExecutor.java:153)
	at org.apache.maven.lifecycle.internal.MojoExecutor.execute(MojoExecutor.java:145)
	at org.apache.maven.lifecycle.internal.LifecycleModuleBuilder.buildProject(LifecycleModuleBuilder.java:116)
	at org.apache.maven.lifecycle.internal.LifecycleModuleBuilder.buildProject(LifecycleModuleBuilder.java:80)
	at org.apache.maven.lifecycle.internal.builder.singlethreaded.SingleThreadedBuilder.build(SingleThreadedBuilder.java:51)
	at org.apache.maven.lifecycle.internal.LifecycleStarter.execute(LifecycleStarter.java:128)
	at org.apache.maven.DefaultMaven.doExecute(DefaultMaven.java:307)
	at org.apache.maven.DefaultMaven.doExecute(DefaultMaven.java:193)
	at org.apache.maven.DefaultMaven.execute(DefaultMaven.java:106)
	at org.apache.maven.cli.MavenCli.execute(MavenCli.java:863)
	at org.apache.maven.cli.MavenCli.doMain(MavenCli.java:288)
	at org.apache.maven.cli.MavenCli.main(MavenCli.java:199)
	at sun.reflect.NativeMethodAccessorImpl.invoke0(Native Method)
	at sun.reflect.NativeMethodAccessorImpl.invoke(NativeMethodAccessorImpl.java:62)
	at sun.reflect.DelegatingMethodAccessorImpl.invoke(DelegatingMethodAccessorImpl.java:43)
	at java.lang.reflect.Method.invoke(Method.java:498)
	at org.codehaus.plexus.classworlds.launcher.Launcher.launchEnhanced(Launcher.java:289)
	at org.codehaus.plexus.classworlds.launcher.Launcher.launch(Launcher.java:229)
	at org.codehaus.plexus.classworlds.launcher.Launcher.mainWithExitCode(Launcher.java:415)
	at org.codehaus.plexus.classworlds.launcher.Launcher.main(Launcher.java:356)
Caused by: org.apache.maven.plugin.compiler.CompilationFailureException: Compilation failure
	at org.apache.maven.plugin.compiler.AbstractCompilerMojo.execute(AbstractCompilerMojo.java:1310)
	at org.apache.maven.plugin.compiler.CompilerMojo.execute(CompilerMojo.java:198)
	at org.apache.maven.plugin.DefaultBuildPluginManager.executeMojo(DefaultBuildPluginManager.java:134)
	at org.apache.maven.lifecycle.internal.MojoExecutor.execute(MojoExecutor.java:207)
	... 20 more
[ERROR] 
[ERROR] Re-run Maven using the -X switch to enable full debug logging.
[ERROR] 
[ERROR] For more information about the errors and possible solutions, please read the following articles:
[ERROR] [Help 1] http://cwiki.apache.org/confluence/display/MAVEN/MojoFailureException
